// Jest Snapshot v1, https://goo.gl/fbAQLP

exports[`LanguageService plugin #getCodeFixes should not return ESLint error when the project does not use @typescript-eslint/parser 1`] = `
Object {
  "body": Array [
    Object {
      "changes": Array [
        Object {
          "fileName": "/Users/yosuke/workspace/javascript/typescript-eslint-language-service/e2e/projects/simple/main.ts",
          "textChanges": Array [
            Object {
              "end": Object {
                "line": 1,
                "offset": 12,
              },
              "newText": ";",
              "start": Object {
                "line": 1,
                "offset": 12,
              },
            },
          ],
        },
      ],
      "description": "fix: Missing semicolon.",
      "fixId": "semi",
      "fixName": "semi",
    },
  ],
  "command": "getCodeFixes",
  "request_seq": 2,
  "seq": 0,
  "success": true,
  "type": "response",
}
`;
